0 verbose cli /usr/local/nvm/versions/node/v24.19.0/bin/node /usr/local/nvm/versions/node/v24.19.0/bin/npm
1 info using npm@12.0.2
2 info using node@v24.19.0
3 silly config load:file:/usr/local/nvm/versions/node/v24.19.0/lib/node_modules/npm/npmrc
4 silly config load:file:/home/banikbidhan101/.cache/typescript/6.0/.npmrc
5 silly config load:file:/home/banikbidhan101/.npmrc
6 silly config load:file:/usr/local/nvm/versions/node/v24.19.0/etc/npmrc
7 verbose title npm install types-registry@latest
8 verbose argv "install" "--ignore-scripts" "types-registry@latest"
9 verbose logfile logs-max:10 dir:/home/banikbidhan101/.npm/_logs/2026-09-02T13_24_40_624Z-
10 verbose logfile /home/banikbidhan101/.npm/_logs/2026-09-02T13_24_40_624Z-debug-0.log
11 silly logfile start cleaning logs, removing 3 files
12 silly packumentCache heap:2348810240 maxSize:587202560 maxEntrySize:293601280
13 silly logfile done cleaning log files
14 silly packumentCache corgi:https://registry.npmjs.org/types-registry cache-miss
15 http fetch GET 200 https://registry.npmjs.org/types-registry 137ms (cache revalidated)
16 silly packumentCache corgi:https://registry.npmjs.org/types-registry set size:633720 disposed:false
17 silly idealTree buildDeps
18 silly fetch manifest types-registry@0.1.785
19 silly packumentCache full:https://registry.npmjs.org/types-registry cache-miss
20 http fetch GET 200 https://registry.npmjs.org/types-registry 84ms (cache revalidated)
21 silly packumentCache full:https://registry.npmjs.org/types-registry set size:1380421 disposed:false
22 silly placeDep ROOT types-registry@0.1.785 REPLACE for:  want: 0.1.785
23 silly reify moves {}
24 silly audit bulk request {
24 silly audit   '@types/body-parser': [ '1.19.6' ],
24 silly audit   '@types/connect': [ '3.4.38' ],
24 silly audit   '@types/express': [ '5.0.6' ],
24 silly audit   '@types/express-serve-static-core': [ '5.1.3' ],
24 silly audit   '@types/http-errors': [ '2.0.5' ],
24 silly audit   '@types/node': [ '26.4.1' ],
24 silly audit   '@types/qs': [ '6.15.1' ],
24 silly audit   '@types/range-parser': [ '1.2.7' ],
24 silly audit   '@types/react': [ '19.2.18' ],
24 silly audit   '@types/send': [ '1.2.1' ],
24 silly audit   '@types/serve-static': [ '2.2.0' ],
24 silly audit   csstype: [ '3.2.3' ],
24 silly audit   'undici-types': [ '8.3.0' ],
24 silly audit   'types-registry': [ '0.1.785' ]
24 silly audit }
25 http fetch POST 200 https://registry.npmjs.org/-/npm/v1/security/advisories/bulk 338ms
26 silly audit report {}
27 verbose cwd /home/banikbidhan101/.cache/typescript/6.0
28 verbose os Linux 6.6.143+
29 verbose node v24.19.0
30 verbose npm  v12.0.2
31 verbose exit 0
32 info ok
