2026-09-02 09:07:54.696 [info] [main] Log level: Info
2026-09-02 09:07:54.696 [info] [main] Validating found git in: "git"
2026-09-02 09:07:54.696 [info] [main] Using git "2.43.0" from "git"
2026-09-02 09:07:54.696 [info] [Model][doInitialScan] Initial repository scan started
2026-09-02 09:07:54.696 [info] > git rev-parse --show-toplevel [5ms]
2026-09-02 09:07:54.696 [info] fatal: not a git repository (or any parent up to mount point /)
Stopping at filesystem boundary (GIT_DISCOVERY_ACROSS_FILESYSTEM not set).
2026-09-02 09:07:54.696 [info] [Model][doInitialScan] Initial repository scan completed - repositories (0), closed repositories (0), parent repositories (0), unsafe repositories (0)
2026-09-02 09:07:56.303 [info] > git rev-parse --show-toplevel [7ms]
2026-09-02 09:07:56.303 [info] fatal: not a git repository (or any parent up to mount point /)
Stopping at filesystem boundary (GIT_DISCOVERY_ACROSS_FILESYSTEM not set).
2026-09-02 09:07:58.940 [info] > git rev-parse --show-toplevel [22ms]
2026-09-02 09:07:58.940 [info] fatal: not a git repository (or any parent up to mount point /)
Stopping at filesystem boundary (GIT_DISCOVERY_ACROSS_FILESYSTEM not set).
2026-09-02 09:07:58.952 [info] > git rev-parse --show-toplevel [2ms]
2026-09-02 09:07:58.952 [info] fatal: not a git repository (or any parent up to mount point /)
Stopping at filesystem boundary (GIT_DISCOVERY_ACROSS_FILESYSTEM not set).
2026-09-02 09:08:05.202 [info] > git rev-parse --show-toplevel [33ms]
2026-09-02 09:08:05.202 [info] fatal: not a git repository (or any parent up to mount point /)
Stopping at filesystem boundary (GIT_DISCOVERY_ACROSS_FILESYSTEM not set).
2026-09-02 09:08:09.545 [info] > git rev-parse --show-toplevel [5ms]
2026-09-02 09:08:09.545 [info] fatal: not a git repository (or any parent up to mount point /)
Stopping at filesystem boundary (GIT_DISCOVERY_ACROSS_FILESYSTEM not set).
2026-09-02 09:08:11.749 [info] > git rev-parse --show-toplevel [1ms]
2026-09-02 09:08:11.749 [info] fatal: not a git repository (or any parent up to mount point /)
Stopping at filesystem boundary (GIT_DISCOVERY_ACROSS_FILESYSTEM not set).
