2026-09-02 08:53:54.304 [info] [main] Log level: Info
2026-09-02 08:53:54.304 [info] [main] Validating found git in: "git"
2026-09-02 08:53:54.304 [info] [main] Using git "2.43.0" from "git"
2026-09-02 08:53:54.304 [info] [Model][doInitialScan] Initial repository scan started
2026-09-02 08:53:54.304 [info] > git rev-parse --show-toplevel [629ms]
2026-09-02 08:53:54.304 [info] fatal: not a git repository (or any parent up to mount point /)
Stopping at filesystem boundary (GIT_DISCOVERY_ACROSS_FILESYSTEM not set).
2026-09-02 08:53:54.304 [info] > git rev-parse --show-toplevel [81ms]
2026-09-02 08:53:54.304 [info] fatal: not a git repository (or any parent up to mount point /)
Stopping at filesystem boundary (GIT_DISCOVERY_ACROSS_FILESYSTEM not set).
2026-09-02 08:53:54.304 [info] [Model][doInitialScan] Initial repository scan completed - repositories (0), closed repositories (0), parent repositories (0), unsafe repositories (0)
2026-09-02 08:53:54.304 [info] > git rev-parse --show-toplevel [130ms]
2026-09-02 08:53:54.304 [info] fatal: not a git repository (or any parent up to mount point /)
Stopping at filesystem boundary (GIT_DISCOVERY_ACROSS_FILESYSTEM not set).
2026-09-02 08:53:54.315 [info] > git rev-parse --show-toplevel [18ms]
2026-09-02 08:53:54.315 [info] fatal: not a git repository (or any parent up to mount point /)
Stopping at filesystem boundary (GIT_DISCOVERY_ACROSS_FILESYSTEM not set).
2026-09-02 08:53:59.043 [info] > git rev-parse --show-toplevel [2524ms]
2026-09-02 08:53:59.043 [info] fatal: not a git repository (or any parent up to mount point /)
Stopping at filesystem boundary (GIT_DISCOVERY_ACROSS_FILESYSTEM not set).
2026-09-02 08:53:59.208 [info] > git rev-parse --show-toplevel [153ms]
2026-09-02 08:53:59.208 [info] fatal: not a git repository (or any parent up to mount point /)
Stopping at filesystem boundary (GIT_DISCOVERY_ACROSS_FILESYSTEM not set).
2026-09-02 08:53:59.220 [info] > git rev-parse --show-toplevel [5ms]
2026-09-02 08:53:59.220 [info] fatal: not a git repository (or any parent up to mount point /)
Stopping at filesystem boundary (GIT_DISCOVERY_ACROSS_FILESYSTEM not set).
2026-09-02 08:54:05.787 [info] > git rev-parse --show-toplevel [5ms]
2026-09-02 08:54:05.787 [info] fatal: not a git repository (or any parent up to mount point /)
Stopping at filesystem boundary (GIT_DISCOVERY_ACROSS_FILESYSTEM not set).
2026-09-02 08:54:08.253 [info] > git rev-parse --show-toplevel [7ms]
2026-09-02 08:54:08.253 [info] fatal: not a git repository (or any parent up to mount point /)
Stopping at filesystem boundary (GIT_DISCOVERY_ACROSS_FILESYSTEM not set).
