Code OSS for Cloud Shell (1.123.2-cde, 970-cs-536152d7-1771-4fcf-9af9-0c444d220e8e.cs-asia-southeast1-ajrg.cloudshell.dev, desktop)
Jupyter Extension Version: 2025.9.1.
Python Extension Version: 2026.4.0.
Python Environment Extension not installed.
Pylance Extension not installed.
Platform: linux (x64).
Home = /home/banikbidhan101
Temp Storage folder ~/.codeoss/data/User/globalStorage/ms-toolsai.jupyter/version-2025.9.1
No workspace folder opened.
09:07:52.487 [error] Failed activating the python extension:  Canceled (FileSystemError): Canceled
    at sn.e (file:///google/devshell/editor/code-oss-for-cloud-shell/out/vs/workbench/api/node/extensionHostProcess.js:117:18913)
    at Object.copy (file:///google/devshell/editor/code-oss-for-cloud-shell/out/vs/workbench/api/node/extensionHostProcess.js:117:17404)
    at processTicksAndRejections (node:internal/process/task_queues:104:5)
    at p (/google/devshell/editor/code-oss-for-cloud-shell/extensions/ms-python.python/out/client/extension.js:2:922863)
    at t.registerPythonStartup (/google/devshell/editor/code-oss-for-cloud-shell/extensions/ms-python.python/out/client/extension.js:2:923463)
    at /google/devshell/editor/code-oss-for-cloud-shell/extensions/ms-python.python/out/client/extension.js:2:481481
    at t.activateComponents (/google/devshell/editor/code-oss-for-cloud-shell/extensions/ms-python.python/out/client/extension.js:2:480242)
    at /google/devshell/editor/code-oss-for-cloud-shell/extensions/ms-python.python/out/client/extension.js:2:2731076
    at e (/google/devshell/editor/code-oss-for-cloud-shell/extensions/ms-python.python/out/client/extension.js:2:2730532)
    at OS.n (file:///google/devshell/editor/code-oss-for-cloud-shell/out/vs/workbench/api/node/extensionHostProcess.js:117:13433)
    at OS.m (file:///google/devshell/editor/code-oss-for-cloud-shell/out/vs/workbench/api/node/extensionHostProcess.js:117:13396)
    at OS.l (file:///google/devshell/editor/code-oss-for-cloud-shell/out/vs/workbench/api/node/extensionHostProcess.js:117:12852) {
  message: "Activating extension 'ms-python.python' failed: Canceled."
}
09:07:52.506 [error] Failed activating the python extension:  Canceled (FileSystemError): Canceled
    at sn.e (file:///google/devshell/editor/code-oss-for-cloud-shell/out/vs/workbench/api/node/extensionHostProcess.js:117:18913)
    at Object.copy (file:///google/devshell/editor/code-oss-for-cloud-shell/out/vs/workbench/api/node/extensionHostProcess.js:117:17404)
    at processTicksAndRejections (node:internal/process/task_queues:104:5)
    at p (/google/devshell/editor/code-oss-for-cloud-shell/extensions/ms-python.python/out/client/extension.js:2:922863)
    at t.registerPythonStartup (/google/devshell/editor/code-oss-for-cloud-shell/extensions/ms-python.python/out/client/extension.js:2:923463)
    at /google/devshell/editor/code-oss-for-cloud-shell/extensions/ms-python.python/out/client/extension.js:2:481481
    at t.activateComponents (/google/devshell/editor/code-oss-for-cloud-shell/extensions/ms-python.python/out/client/extension.js:2:480242)
    at /google/devshell/editor/code-oss-for-cloud-shell/extensions/ms-python.python/out/client/extension.js:2:2731076
    at e (/google/devshell/editor/code-oss-for-cloud-shell/extensions/ms-python.python/out/client/extension.js:2:2730532)
    at OS.n (file:///google/devshell/editor/code-oss-for-cloud-shell/out/vs/workbench/api/node/extensionHostProcess.js:117:13433)
    at OS.m (file:///google/devshell/editor/code-oss-for-cloud-shell/out/vs/workbench/api/node/extensionHostProcess.js:117:13396)
    at OS.l (file:///google/devshell/editor/code-oss-for-cloud-shell/out/vs/workbench/api/node/extensionHostProcess.js:117:12852) {
  message: "Activating extension 'ms-python.python' failed: Canceled."
}
09:07:52.507 [error] Failed activating the python extension:  Canceled (FileSystemError): Canceled
    at sn.e (file:///google/devshell/editor/code-oss-for-cloud-shell/out/vs/workbench/api/node/extensionHostProcess.js:117:18913)
    at Object.copy (file:///google/devshell/editor/code-oss-for-cloud-shell/out/vs/workbench/api/node/extensionHostProcess.js:117:17404)
    at processTicksAndRejections (node:internal/process/task_queues:104:5)
    at p (/google/devshell/editor/code-oss-for-cloud-shell/extensions/ms-python.python/out/client/extension.js:2:922863)
    at t.registerPythonStartup (/google/devshell/editor/code-oss-for-cloud-shell/extensions/ms-python.python/out/client/extension.js:2:923463)
    at /google/devshell/editor/code-oss-for-cloud-shell/extensions/ms-python.python/out/client/extension.js:2:481481
    at t.activateComponents (/google/devshell/editor/code-oss-for-cloud-shell/extensions/ms-python.python/out/client/extension.js:2:480242)
    at /google/devshell/editor/code-oss-for-cloud-shell/extensions/ms-python.python/out/client/extension.js:2:2731076
    at e (/google/devshell/editor/code-oss-for-cloud-shell/extensions/ms-python.python/out/client/extension.js:2:2730532)
    at OS.n (file:///google/devshell/editor/code-oss-for-cloud-shell/out/vs/workbench/api/node/extensionHostProcess.js:117:13433)
    at OS.m (file:///google/devshell/editor/code-oss-for-cloud-shell/out/vs/workbench/api/node/extensionHostProcess.js:117:13396)
    at OS.l (file:///google/devshell/editor/code-oss-for-cloud-shell/out/vs/workbench/api/node/extensionHostProcess.js:117:12852) {
  message: "Activating extension 'ms-python.python' failed: Canceled."
}
09:07:52.507 [error] Failed activating the python extension:  Canceled (FileSystemError): Canceled
    at sn.e (file:///google/devshell/editor/code-oss-for-cloud-shell/out/vs/workbench/api/node/extensionHostProcess.js:117:18913)
    at Object.copy (file:///google/devshell/editor/code-oss-for-cloud-shell/out/vs/workbench/api/node/extensionHostProcess.js:117:17404)
    at processTicksAndRejections (node:internal/process/task_queues:104:5)
    at p (/google/devshell/editor/code-oss-for-cloud-shell/extensions/ms-python.python/out/client/extension.js:2:922863)
    at t.registerPythonStartup (/google/devshell/editor/code-oss-for-cloud-shell/extensions/ms-python.python/out/client/extension.js:2:923463)
    at /google/devshell/editor/code-oss-for-cloud-shell/extensions/ms-python.python/out/client/extension.js:2:481481
    at t.activateComponents (/google/devshell/editor/code-oss-for-cloud-shell/extensions/ms-python.python/out/client/extension.js:2:480242)
    at /google/devshell/editor/code-oss-for-cloud-shell/extensions/ms-python.python/out/client/extension.js:2:2731076
    at e (/google/devshell/editor/code-oss-for-cloud-shell/extensions/ms-python.python/out/client/extension.js:2:2730532)
    at OS.n (file:///google/devshell/editor/code-oss-for-cloud-shell/out/vs/workbench/api/node/extensionHostProcess.js:117:13433)
    at OS.m (file:///google/devshell/editor/code-oss-for-cloud-shell/out/vs/workbench/api/node/extensionHostProcess.js:117:13396)
    at OS.l (file:///google/devshell/editor/code-oss-for-cloud-shell/out/vs/workbench/api/node/extensionHostProcess.js:117:12852) {
  message: "Activating extension 'ms-python.python' failed: Canceled."
}
09:07:52.508 [error] Failed activating the python extension:  Canceled (FileSystemError): Canceled
    at sn.e (file:///google/devshell/editor/code-oss-for-cloud-shell/out/vs/workbench/api/node/extensionHostProcess.js:117:18913)
    at Object.copy (file:///google/devshell/editor/code-oss-for-cloud-shell/out/vs/workbench/api/node/extensionHostProcess.js:117:17404)
    at processTicksAndRejections (node:internal/process/task_queues:104:5)
    at p (/google/devshell/editor/code-oss-for-cloud-shell/extensions/ms-python.python/out/client/extension.js:2:922863)
    at t.registerPythonStartup (/google/devshell/editor/code-oss-for-cloud-shell/extensions/ms-python.python/out/client/extension.js:2:923463)
    at /google/devshell/editor/code-oss-for-cloud-shell/extensions/ms-python.python/out/client/extension.js:2:481481
    at t.activateComponents (/google/devshell/editor/code-oss-for-cloud-shell/extensions/ms-python.python/out/client/extension.js:2:480242)
    at /google/devshell/editor/code-oss-for-cloud-shell/extensions/ms-python.python/out/client/extension.js:2:2731076
    at e (/google/devshell/editor/code-oss-for-cloud-shell/extensions/ms-python.python/out/client/extension.js:2:2730532)
    at OS.n (file:///google/devshell/editor/code-oss-for-cloud-shell/out/vs/workbench/api/node/extensionHostProcess.js:117:13433)
    at OS.m (file:///google/devshell/editor/code-oss-for-cloud-shell/out/vs/workbench/api/node/extensionHostProcess.js:117:13396)
    at OS.l (file:///google/devshell/editor/code-oss-for-cloud-shell/out/vs/workbench/api/node/extensionHostProcess.js:117:12852) {
  message: "Activating extension 'ms-python.python' failed: Canceled."
}
09:07:52.508 [error] Failed activating the python extension:  Canceled (FileSystemError): Canceled
    at sn.e (file:///google/devshell/editor/code-oss-for-cloud-shell/out/vs/workbench/api/node/extensionHostProcess.js:117:18913)
    at Object.copy (file:///google/devshell/editor/code-oss-for-cloud-shell/out/vs/workbench/api/node/extensionHostProcess.js:117:17404)
    at processTicksAndRejections (node:internal/process/task_queues:104:5)
    at p (/google/devshell/editor/code-oss-for-cloud-shell/extensions/ms-python.python/out/client/extension.js:2:922863)
    at t.registerPythonStartup (/google/devshell/editor/code-oss-for-cloud-shell/extensions/ms-python.python/out/client/extension.js:2:923463)
    at /google/devshell/editor/code-oss-for-cloud-shell/extensions/ms-python.python/out/client/extension.js:2:481481
    at t.activateComponents (/google/devshell/editor/code-oss-for-cloud-shell/extensions/ms-python.python/out/client/extension.js:2:480242)
    at /google/devshell/editor/code-oss-for-cloud-shell/extensions/ms-python.python/out/client/extension.js:2:2731076
    at e (/google/devshell/editor/code-oss-for-cloud-shell/extensions/ms-python.python/out/client/extension.js:2:2730532)
    at OS.n (file:///google/devshell/editor/code-oss-for-cloud-shell/out/vs/workbench/api/node/extensionHostProcess.js:117:13433)
    at OS.m (file:///google/devshell/editor/code-oss-for-cloud-shell/out/vs/workbench/api/node/extensionHostProcess.js:117:13396)
    at OS.l (file:///google/devshell/editor/code-oss-for-cloud-shell/out/vs/workbench/api/node/extensionHostProcess.js:117:12852) {
  message: "Activating extension 'ms-python.python' failed: Canceled."
}
